yarn run v1.22.22
$ NODE_OPTIONS=--max_old_space_size=4096 vite build
vite v7.3.3 building client environment for production...
transforming...
